Archive member included to satisfy reference by file (symbol)

c:/program files (x86)/embitz/1.11/share/em_armgcc/bin/../lib/gcc/arm-none-eabi/5.4.1/../../../../arm-none-eabi/lib/armv7e-m/fpu\libg_n.a(lib_a-exit.o)
                              c:/program files (x86)/embitz/1.11/share/em_armgcc/bin/../lib/gcc/arm-none-eabi/5.4.1/../../../../arm-none-eabi/lib/armv7e-m/fpu/crt0.o (exit)
c:/program files (x86)/embitz/1.11/share/em_armgcc/bin/../lib/gcc/arm-none-eabi/5.4.1/../../../../arm-none-eabi/lib/armv7e-m/fpu\libg_n.a(lib_a-impure.o)
                              c:/program files (x86)/embitz/1.11/share/em_armgcc/bin/../lib/gcc/arm-none-eabi/5.4.1/../../../../arm-none-eabi/lib/armv7e-m/fpu\libg_n.a(lib_a-exit.o) (_global_impure_ptr)
c:/program files (x86)/embitz/1.11/share/em_armgcc/bin/../lib/gcc/arm-none-eabi/5.4.1/../../../../arm-none-eabi/lib/armv7e-m/fpu\libg_n.a(lib_a-init.o)
                              c:/program files (x86)/embitz/1.11/share/em_armgcc/bin/../lib/gcc/arm-none-eabi/5.4.1/../../../../arm-none-eabi/lib/armv7e-m/fpu/crt0.o (__libc_init_array)
c:/program files (x86)/embitz/1.11/share/em_armgcc/bin/../lib/gcc/arm-none-eabi/5.4.1/../../../../arm-none-eabi/lib/armv7e-m/fpu\libg_n.a(lib_a-memset.o)
                              c:/program files (x86)/embitz/1.11/share/em_armgcc/bin/../lib/gcc/arm-none-eabi/5.4.1/../../../../arm-none-eabi/lib/armv7e-m/fpu/crt0.o (memset)
c:/program files (x86)/embitz/1.11/share/em_armgcc/bin/../lib/gcc/arm-none-eabi/5.4.1/../../../../arm-none-eabi/lib/armv7e-m/fpu\libnosys_s.a(_exit.o)
                              c:/program files (x86)/embitz/1.11/share/em_armgcc/bin/../lib/gcc/arm-none-eabi/5.4.1/../../../../arm-none-eabi/lib/armv7e-m/fpu\libg_n.a(lib_a-exit.o) (_exit)

Discarded input sections

 .text          0x00000000        0x0 c:/program files (x86)/embitz/1.11/share/em_armgcc/bin/../lib/gcc/arm-none-eabi/5.4.1/armv7e-m/fpu/crti.o
 .data          0x00000000        0x0 c:/program files (x86)/embitz/1.11/share/em_armgcc/bin/../lib/gcc/arm-none-eabi/5.4.1/armv7e-m/fpu/crti.o
 .bss           0x00000000        0x0 c:/program files (x86)/embitz/1.11/share/em_armgcc/bin/../lib/gcc/arm-none-eabi/5.4.1/armv7e-m/fpu/crti.o
 .data          0x00000000        0x4 c:/program files (x86)/embitz/1.11/share/em_armgcc/bin/../lib/gcc/arm-none-eabi/5.4.1/armv7e-m/fpu/crtbegin.o
 .data          0x00000000        0x0 c:/program files (x86)/embitz/1.11/share/em_armgcc/bin/../lib/gcc/arm-none-eabi/5.4.1/../../../../arm-none-eabi/lib/armv7e-m/fpu/crt0.o
 .bss           0x00000000        0x0 c:/program files (x86)/embitz/1.11/share/em_armgcc/bin/../lib/gcc/arm-none-eabi/5.4.1/../../../../arm-none-eabi/lib/armv7e-m/fpu/crt0.o
 .ARM.extab     0x00000000        0x0 c:/program files (x86)/embitz/1.11/share/em_armgcc/bin/../lib/gcc/arm-none-eabi/5.4.1/../../../../arm-none-eabi/lib/armv7e-m/fpu/crt0.o
 .group         0x00000000        0x8 obj\debug\delay\fm_stm32f4_delay.o
 .group         0x00000000        0x8 obj\debug\delay\fm_stm32f4_delay.o
 .group         0x00000000        0x8 obj\debug\delay\fm_stm32f4_delay.o
 .group         0x00000000        0x8 obj\debug\delay\fm_stm32f4_delay.o
 .group         0x00000000        0x8 obj\debug\delay\fm_stm32f4_delay.o
 .group         0x00000000        0x8 obj\debug\delay\fm_stm32f4_delay.o
 .group         0x00000000        0x8 obj\debug\delay\fm_stm32f4_delay.o
 .group         0x00000000        0x8 obj\debug\delay\fm_stm32f4_delay.o
 .group         0x00000000        0x8 obj\debug\delay\fm_stm32f4_delay.o
 .group         0x00000000        0x8 obj\debug\delay\fm_stm32f4_delay.o
 .group         0x00000000        0x8 obj\debug\delay\fm_stm32f4_delay.o
 .group         0x00000000        0x8 obj\debug\delay\fm_stm32f4_delay.o
 .group         0x00000000        0x8 obj\debug\delay\fm_stm32f4_delay.o
 .group         0x00000000        0x8 obj\debug\delay\fm_stm32f4_delay.o
 .group         0x00000000        0x8 obj\debug\delay\fm_stm32f4_delay.o
 .group         0x00000000        0x8 obj\debug\delay\fm_stm32f4_delay.o
 .group         0x00000000        0x8 obj\debug\delay\fm_stm32f4_delay.o
 .group         0x00000000        0x8 obj\debug\delay\fm_stm32f4_delay.o
 .group         0x00000000        0x8 obj\debug\delay\fm_stm32f4_delay.o
 .group         0x00000000        0x8 obj\debug\delay\fm_stm32f4_delay.o
 .group         0x00000000        0x8 obj\debug\delay\fm_stm32f4_delay.o
 .group         0x00000000        0x8 obj\debug\delay\fm_stm32f4_delay.o
 .group         0x00000000        0x8 obj\debug\delay\fm_stm32f4_delay.o
 .group         0x00000000        0x8 obj\debug\delay\fm_stm32f4_delay.o
 .group         0x00000000        0x8 obj\debug\delay\fm_stm32f4_delay.o
 .group         0x00000000        0x8 obj\debug\delay\fm_stm32f4_delay.o
 .group         0x00000000        0x8 obj\debug\delay\fm_stm32f4_delay.o
 .group         0x00000000        0x8 obj\debug\delay\fm_stm32f4_delay.o
 .group         0x00000000        0x8 obj\debug\delay\fm_stm32f4_delay.o
[...]
Memory Configuration

Name             Origin             Length             Attributes
ROM              0x08000000         0x00100000         xr
RAM              0x20000000         0x00020000         xrw
CCRAM            0x10000000         0x00010000         xrw
*default*        0x00000000         0xffffffff

Linker script and memory map

LOAD c:/program files (x86)/embitz/1.11/share/em_armgcc/bin/../lib/gcc/arm-none-eabi/5.4.1/armv7e-m/fpu/crti.o
LOAD c:/program files (x86)/embitz/1.11/share/em_armgcc/bin/../lib/gcc/arm-none-eabi/5.4.1/armv7e-m/fpu/crtbegin.o
LOAD c:/program files (x86)/embitz/1.11/share/em_armgcc/bin/../lib/gcc/arm-none-eabi/5.4.1/../../../../arm-none-eabi/lib/armv7e-m/fpu/crt0.o
                0x00000000                __HEAP_SIZE = 0x0
                0x00000100                __STACK_SIZE = 0x100

.text           0x08000000      0x8c4
 *(.isr_vector)
 .isr_vector    0x08000000      0x188 obj\debug\src\startup_stm32f4xx.o
                0x08000000                __isr_vector
 *(.text*)
 .text          0x08000188       0x5c c:/program files (x86)/embitz/1.11/share/em_armgcc/bin/../lib/gcc/arm-none-eabi/5.4.1/armv7e-m/fpu/crtbegin.o
 .text          0x080001e4       0x74 c:/program files (x86)/embitz/1.11/share/em_armgcc/bin/../lib/gcc/arm-none-eabi/5.4.1/../../../../arm-none-eabi/lib/armv7e-m/fpu/crt0.o
                0x080001e4                _start
                0x080001e4                _mainCRTStartup
 .text.delay_init
                0x08000258       0x4c obj\debug\delay\fm_stm32f4_delay.o
                0x08000258                delay_init
 .text.delay_ms
                0x080002a4       0x6c obj\debug\delay\fm_stm32f4_delay.o
                0x080002a4                delay_ms
 .text.FM_Led_Init
                0x08000310       0x80 obj\debug\led\fm_stm32f4_led.o
                0x08000310                FM_Led_Init
 .text.FM_Led_Toggle
                0x08000390       0x54 obj\debug\led\fm_stm32f4_led.o
                0x08000390                FM_Led_Toggle
 .text.SysTick_CLKSourceConfig
                0x080003e4       0x38 obj\debug\spl\src\misc.o
                0x080003e4                SysTick_CLKSourceConfig
 .text.GPIO_Init
                0x0800041c      0x11c obj\debug\spl\src\stm32f4xx_gpio.o
                0x0800041c                GPIO_Init
 .text.RCC_AHB1PeriphClockCmd
                0x08000538       0x40 obj\debug\spl\src\stm32f4xx_rcc.o
                0x08000538                RCC_AHB1PeriphClockCmd
 .text.main     0x08000578       0x34 obj\debug\src\main.o
                0x08000578                main
 .text          0x080005ac      0x108 obj\debug\src\startup_stm32f4xx.o
                0x080005ac                Reset_Handler
                0x080005f2                NMI_Handler
                0x080005f4                HardFault_Handler
                0x080005f6                MemManage_Handler
                0x080005f8                BusFault_Handler
                0x080005fa                UsageFault_Handler
                0x080005fc                SVC_Handler
                0x080005fe                DebugMon_Handler
                0x08000600                PendSV_Handler
                0x08000602                SysTick_Handler
                0x08000604                Default_Handler
                0x08000606                WWDG_IRQHandler
                0x08000608                PVD_IRQHandler
                0x0800060a                TAMP_STAMP_IRQHandler
                0x0800060c                RTC_WKUP_IRQHandler
                0x0800060e                FLASH_IRQHandler
                0x08000610                RCC_IRQHandler
                0x08000612                EXTI0_IRQHandler
                0x08000614                EXTI1_IRQHandler
                0x08000616                EXTI2_IRQHandler
                0x08000618                EXTI3_IRQHandler
                0x0800061a                EXTI4_IRQHandler
                0x0800061c                DMA1_Stream0_IRQHandler
                0x0800061e                DMA1_Stream1_IRQHandler
                0x08000620                DMA1_Stream2_IRQHandler
                0x08000622                DMA1_Stream3_IRQHandler
                0x08000624                DMA1_Stream4_IRQHandler
                0x08000626                DMA1_Stream5_IRQHandler
                0x08000628                DMA1_Stream6_IRQHandler
                0x0800062a                ADC_IRQHandler
                0x0800062c                CAN1_TX_IRQHandler
                0x0800062e                CAN1_RX0_IRQHandler
                0x08000630                CAN1_RX1_IRQHandler
                0x08000632                CAN1_SCE_IRQHandler
                0x08000634                EXTI9_5_IRQHandler
                0x08000636                TIM1_BRK_TIM9_IRQHandler
                0x08000638                TIM1_UP_TIM10_IRQHandler
                0x0800063a                TIM1_TRG_COM_TIM11_IRQHandler
                0x0800063c                TIM1_CC_IRQHandler
                0x0800063e                TIM2_IRQHandler
                0x08000640                TIM3_IRQHandler
                0x08000642                TIM4_IRQHandler
                0x08000644                I2C1_EV_IRQHandler
                0x08000646                I2C1_ER_IRQHandler
                0x08000648                I2C2_EV_IRQHandler
                0x0800064a                I2C2_ER_IRQHandler
                0x0800064c                SPI1_IRQHandler
                0x0800064e                SPI2_IRQHandler
                0x08000650                USART1_IRQHandler
                0x08000652                USART2_IRQHandler
                0x08000654                USART3_IRQHandler
                0x08000656                EXTI15_10_IRQHandler
                0x08000658                RTC_Alarm_IRQHandler
                0x0800065a                OTG_FS_WKUP_IRQHandler
                0x0800065c                TIM8_BRK_TIM12_IRQHandler
                0x0800065e                TIM8_UP_TIM13_IRQHandler
                0x08000660                TIM8_TRG_COM_TIM14_IRQHandler
                0x08000662                TIM8_CC_IRQHandler
                0x08000664                DMA1_Stream7_IRQHandler
                0x08000666                FSMC_IRQHandler
                0x08000668                SDIO_IRQHandler
                0x0800066a                TIM5_IRQHandler
                0x0800066c                SPI3_IRQHandler
                0x0800066e                UART4_IRQHandler
                0x08000670                UART5_IRQHandler
                0x08000672                TIM6_DAC_IRQHandler
                0x08000674                TIM7_IRQHandler
                0x08000676                DMA2_Stream0_IRQHandler
                0x08000678                DMA2_Stream1_IRQHandler
                0x0800067a                DMA2_Stream2_IRQHandler
                0x0800067c                DMA2_Stream3_IRQHandler
                0x0800067e                DMA2_Stream4_IRQHandler
                0x08000680                ETH_IRQHandler
                0x08000682                ETH_WKUP_IRQHandler
                0x08000684                CAN2_TX_IRQHandler
                0x08000686                CAN2_RX0_IRQHandler
                0x08000688                CAN2_RX1_IRQHandler
                0x0800068a                CAN2_SCE_IRQHandler
                0x0800068c                OTG_FS_IRQHandler
                0x0800068e                DMA2_Stream5_IRQHandler
                0x08000690                DMA2_Stream6_IRQHandler
                0x08000692                DMA2_Stream7_IRQHandler
                0x08000694                USART6_IRQHandler
                0x08000696                I2C3_EV_IRQHandler
                0x08000698                I2C3_ER_IRQHandler
                0x0800069a                OTG_HS_EP1_OUT_IRQHandler
                0x0800069c                OTG_HS_EP1_IN_IRQHandler
                0x0800069e                OTG_HS_WKUP_IRQHandler
                0x080006a0                OTG_HS_IRQHandler
                0x080006a2                DCMI_IRQHandler
                0x080006a4                CRYP_IRQHandler
                0x080006a6                HASH_RNG_IRQHandler
                0x080006a8                FPU_IRQHandler
 .text.SystemInit
                0x080006b4       0x6c obj\debug\src\system_stm32f4xx.o
                0x080006b4                SystemInit
 .text.SetSysClock
                0x08000720       0xf8 obj\debug\src\system_stm32f4xx.o
 .text.exit     0x08000818       0x28 c:/program files (x86)/embitz/1.11/share/em_armgcc/bin/../lib/gcc/arm-none-eabi/5.4.1/../../../../arm-none-eabi/lib/armv7e-m/fpu\libg_n.a(lib_a-exit.o)
                0x08000818                exit
 .text.__libc_init_array
                0x08000840       0x4c c:/program files (x86)/embitz/1.11/share/em_armgcc/bin/../lib/gcc/arm-none-eabi/5.4.1/../../../../arm-none-eabi/lib/armv7e-m/fpu\libg_n.a(lib_a-init.o)
                0x08000840                __libc_init_array
 .text.memset   0x0800088c       0x10 c:/program files (x86)/embitz/1.11/share/em_armgcc/bin/../lib/gcc/arm-none-eabi/5.4.1/../../../../arm-none-eabi/lib/armv7e-m/fpu\libg_n.a(lib_a-memset.o)
                0x0800088c                memset
 .text._exit    0x0800089c        0x2 c:/program files (x86)/embitz/1.11/share/em_armgcc/bin/../lib/gcc/arm-none-eabi/5.4.1/../../../../arm-none-eabi/lib/armv7e-m/fpu\libnosys_s.a(_exit.o)
                0x0800089c                _exit
 *(.init)
 *fill*         0x0800089e        0x2 
 .init          0x080008a0        0x4 c:/program files (x86)/embitz/1.11/share/em_armgcc/bin/../lib/gcc/arm-none-eabi/5.4.1/armv7e-m/fpu/crti.o
                0x080008a0                _init
 .init          0x080008a4        0x8 c:/program files (x86)/embitz/1.11/share/em_armgcc/bin/../lib/gcc/arm-none-eabi/5.4.1/armv7e-m/fpu/crtn.o
 *(.fini)
 .fini          0x080008ac        0x4 c:/program files (x86)/embitz/1.11/share/em_armgcc/bin/../lib/gcc/arm-none-eabi/5.4.1/armv7e-m/fpu/crti.o
                0x080008ac                _fini
 .fini          0x080008b0        0x8 c:/program files (x86)/embitz/1.11/share/em_armgcc/bin/../lib/gcc/arm-none-eabi/5.4.1/armv7e-m/fpu/crtn.o
 *crtbegin.o(.ctors)
 *crtbegin?.o(.ctors)
 *(EXCLUDE_FILE(*crtend.o *crtend?.o) .ctors)
 *(SORT(.ctors.*))
 *(.ctors)
 *crtbegin.o(.dtors)
 *crtbegin?.o(.dtors)
 *(EXCLUDE_FILE(*crtend.o *crtend?.o) .dtors)
 *(SORT(.dtors.*))
 *(.dtors)
 *(.rodata*)
 .rodata.str1.1
                0x080008b8        0x2 c:/program files (x86)/embitz/1.11/share/em_armgcc/bin/../lib/gcc/arm-none-eabi/5.4.1/../../../../arm-none-eabi/lib/armv7e-m/fpu\libg_n.a(lib_a-impure.o)
 *fill*         0x080008ba        0x2 
 .rodata._global_impure_ptr
                0x080008bc        0x4 c:/program files (x86)/embitz/1.11/share/em_armgcc/bin/../lib/gcc/arm-none-eabi/5.4.1/../../../../arm-none-eabi/lib/armv7e-m/fpu\libg_n.a(lib_a-impure.o)
                0x080008bc                _global_impure_ptr
 *(.eh_frame*)
 .eh_frame      0x080008c0        0x0 c:/program files (x86)/embitz/1.11/share/em_armgcc/bin/../lib/gcc/arm-none-eabi/5.4.1/armv7e-m/fpu/crtbegin.o
 .eh_frame      0x080008c0        0x4 c:/program files (x86)/embitz/1.11/share/em_armgcc/bin/../lib/gcc/arm-none-eabi/5.4.1/armv7e-m/fpu/crtend.o

.glue_7         0x080008c4        0x0
 .glue_7        0x080008c4        0x0 linker stubs

.glue_7t        0x080008c4        0x0
 .glue_7t       0x080008c4        0x0 linker stubs

.vfp11_veneer   0x080008c4        0x0
 .vfp11_veneer  0x080008c4        0x0 linker stubs

.v4_bx          0x080008c4        0x0
 .v4_bx         0x080008c4        0x0 linker stubs

.iplt           0x080008c4        0x0
 .iplt          0x080008c4        0x0 c:/program files (x86)/embitz/1.11/share/em_armgcc/bin/../lib/gcc/arm-none-eabi/5.4.1/armv7e-m/fpu/crtbegin.o

.ARM.extab
 *(.ARM.extab* .gnu.linkonce.armextab.*)
                0x080008c4                __exidx_start = .

.ARM.exidx      0x080008c4        0x8
 *(.ARM.exidx* .gnu.linkonce.armexidx.*)
 .ARM.exidx     0x080008c4        0x8 c:/program files (x86)/embitz/1.11/share/em_armgcc/bin/../lib/gcc/arm-none-eabi/5.4.1/../../../../arm-none-eabi/lib/armv7e-m/fpu/crt0.o
                0x080008cc                __exidx_end = .
                0x080008cc                __etext = .

.rel.dyn        0x080008cc        0x0
 .rel.iplt      0x080008cc        0x0 c:/program files (x86)/embitz/1.11/share/em_armgcc/bin/../lib/gcc/arm-none-eabi/5.4.1/armv7e-m/fpu/crtbegin.o

.data           0x20000000       0xbc load address 0x080008cc
                0x20000000                __data_start__ = .
 *(vtable)
 *(.data*)
 .data.LED      0x20000000       0x50 obj\debug\led\fm_stm32f4_led.o
                0x20000000                LED
 .data.SystemCoreClock
                0x20000050        0x4 obj\debug\src\system_stm32f4xx.o
                0x20000050                SystemCoreClock
 .data.impure_data
                0x20000054       0x60 c:/program files (x86)/embitz/1.11/share/em_armgcc/bin/../lib/gcc/arm-none-eabi/5.4.1/../../../../arm-none-eabi/lib/armv7e-m/fpu\libg_n.a(lib_a-impure.o)
                0x200000b4                . = ALIGN (0x4)
                0x200000b4                PROVIDE (__preinit_array_start, .)
 *(.preinit_array)
                0x200000b4                PROVIDE (__preinit_array_end, .)
                0x200000b4                . = ALIGN (0x4)
                0x200000b4                PROVIDE (__init_array_start, .)
 *(SORT(.init_array.*))
 *(.init_array)
 .init_array    0x200000b4        0x4 c:/program files (x86)/embitz/1.11/share/em_armgcc/bin/../lib/gcc/arm-none-eabi/5.4.1/armv7e-m/fpu/crtbegin.o
                0x200000b8                PROVIDE (__init_array_end, .)
                0x200000b8                . = ALIGN (0x4)
                [!provide]                PROVIDE (__fini_array_start, .)
 *(SORT(.fini_array.*))
 *(.fini_array)
 .fini_array    0x200000b8        0x4 c:/program files (x86)/embitz/1.11/share/em_armgcc/bin/../lib/gcc/arm-none-eabi/5.4.1/armv7e-m/fpu/crtbegin.o
                [!provide]                PROVIDE (__fini_array_end, .)
                0x200000bc                . = ALIGN (0x4)
                0x200000bc                __data_end__ = .

.jcr            0x200000bc        0x0 load address 0x08000988
 .jcr           0x200000bc        0x0 c:/program files (x86)/embitz/1.11/share/em_armgcc/bin/../lib/gcc/arm-none-eabi/5.4.1/armv7e-m/fpu/crtbegin.o

.igot.plt       0x200000bc        0x0 load address 0x08000988
 .igot.plt      0x200000bc        0x0 c:/program files (x86)/embitz/1.11/share/em_armgcc/bin/../lib/gcc/arm-none-eabi/5.4.1/armv7e-m/fpu/crtbegin.o

.bss            0x200000bc       0x20 load address 0x08000988
                0x200000bc                __bss_start__ = .
 *(.bss*)
 .bss           0x200000bc       0x1c c:/program files (x86)/embitz/1.11/share/em_armgcc/bin/../lib/gcc/arm-none-eabi/5.4.1/armv7e-m/fpu/crtbegin.o
 .bss.fac_us    0x200000d8        0x1 obj\debug\delay\fm_stm32f4_delay.o
 *fill*         0x200000d9        0x1 
 .bss.fac_ms    0x200000da        0x2 obj\debug\delay\fm_stm32f4_delay.o
 *(COMMON)
                0x200000dc                __bss_end__ = .

.heap           0x200000e0        0x0
                0x200000e0                __end__ = .
                0x200000e0                end = __end__
 *(.heap*)
 .heap          0x200000e0        0x0 obj\debug\src\startup_stm32f4xx.o
                0x200000e0                __HeapLimit = .

.stack_dummy    0x200000e0      0x100
 *(.stack)
 .stack         0x200000e0      0x100 obj\debug\src\startup_stm32f4xx.o
                0x20020000                __StackTop = (ORIGIN (RAM) + LENGTH (RAM))
                0x2001ff00                __StackLimit = (__StackTop - SIZEOF (.stack_dummy))
                0x20020000                PROVIDE (__stack, __StackTop)
                0x00000001                ASSERT ((__StackLimit >= __HeapLimit), region RAM overflowed with stack)
LOAD obj\debug\delay\fm_stm32f4_delay.o
LOAD obj\debug\led\fm_stm32f4_led.o
LOAD obj\debug\spl\src\misc.o
LOAD obj\debug\spl\src\stm32f4xx_adc.o
LOAD obj\debug\spl\src\stm32f4xx_can.o
LOAD obj\debug\spl\src\stm32f4xx_crc.o
LOAD obj\debug\spl\src\stm32f4xx_cryp.o
LOAD obj\debug\spl\src\stm32f4xx_cryp_aes.o
LOAD obj\debug\spl\src\stm32f4xx_cryp_des.o
LOAD obj\debug\spl\src\stm32f4xx_cryp_tdes.o
LOAD obj\debug\spl\src\stm32f4xx_dac.o
LOAD obj\debug\spl\src\stm32f4xx_dbgmcu.o
LOAD obj\debug\spl\src\stm32f4xx_dcmi.o
LOAD obj\debug\spl\src\stm32f4xx_dma.o
LOAD obj\debug\spl\src\stm32f4xx_exti.o
LOAD obj\debug\spl\src\stm32f4xx_flash.o
LOAD obj\debug\spl\src\stm32f4xx_fsmc.o
LOAD obj\debug\spl\src\stm32f4xx_gpio.o
LOAD obj\debug\spl\src\stm32f4xx_hash.o
LOAD obj\debug\spl\src\stm32f4xx_hash_md5.o
LOAD obj\debug\spl\src\stm32f4xx_hash_sha1.o
LOAD obj\debug\spl\src\stm32f4xx_i2c.o
LOAD obj\debug\spl\src\stm32f4xx_iwdg.o
LOAD obj\debug\spl\src\stm32f4xx_pwr.o
LOAD obj\debug\spl\src\stm32f4xx_rcc.o
LOAD obj\debug\spl\src\stm32f4xx_rng.o
LOAD obj\debug\spl\src\stm32f4xx_rtc.o
LOAD obj\debug\spl\src\stm32f4xx_sdio.o
LOAD obj\debug\spl\src\stm32f4xx_spi.o
LOAD obj\debug\spl\src\stm32f4xx_syscfg.o
LOAD obj\debug\spl\src\stm32f4xx_tim.o
LOAD obj\debug\spl\src\stm32f4xx_usart.o
LOAD obj\debug\spl\src\stm32f4xx_wwdg.o
LOAD obj\debug\src\main.o
LOAD obj\debug\src\startup_stm32f4xx.o
LOAD obj\debug\src\system_stm32f4xx.o
START GROUP
LOAD c:/program files (x86)/embitz/1.11/share/em_armgcc/bin/../lib/gcc/arm-none-eabi/5.4.1/armv7e-m/fpu\libgcc.a
LOAD c:/program files (x86)/embitz/1.11/share/em_armgcc/bin/../lib/gcc/arm-none-eabi/5.4.1/../../../../arm-none-eabi/lib/armv7e-m/fpu\libg_n.a
LOAD c:/program files (x86)/embitz/1.11/share/em_armgcc/bin/../lib/gcc/arm-none-eabi/5.4.1/../../../../arm-none-eabi/lib/armv7e-m/fpu\libc_n.a
END GROUP
START GROUP
LOAD c:/program files (x86)/embitz/1.11/share/em_armgcc/bin/../lib/gcc/arm-none-eabi/5.4.1/armv7e-m/fpu\libgcc.a
LOAD c:/program files (x86)/embitz/1.11/share/em_armgcc/bin/../lib/gcc/arm-none-eabi/5.4.1/../../../../arm-none-eabi/lib/armv7e-m/fpu\libc_n.a
LOAD c:/program files (x86)/embitz/1.11/share/em_armgcc/bin/../lib/gcc/arm-none-eabi/5.4.1/../../../../arm-none-eabi/lib/armv7e-m/fpu\libnosys_s.a
END GROUP
LOAD c:/program files (x86)/embitz/1.11/share/em_armgcc/bin/../lib/gcc/arm-none-eabi/5.4.1/armv7e-m/fpu/crtend.o
LOAD c:/program files (x86)/embitz/1.11/share/em_armgcc/bin/../lib/gcc/arm-none-eabi/5.4.1/armv7e-m/fpu/crtn.o
OUTPUT(bin\Debug\STM32F407Disco.elf elf32-littlearm)

.ARM.attributes
                0x00000000       0x30
 .ARM.attributes
                0x00000000       0x22 c:/program files (x86)/embitz/1.11/share/em_armgcc/bin/../lib/gcc/arm-none-eabi/5.4.1/armv7e-m/fpu/crti.o
 .ARM.attributes
                0x00000022       0x34 c:/program files (x86)/embitz/1.11/share/em_armgcc/bin/../lib/gcc/arm-none-eabi/5.4.1/armv7e-m/fpu/crtbegin.o
 .ARM.attributes
                0x00000056       0x20 c:/program files (x86)/embitz/1.11/share/em_armgcc/bin/../lib/gcc/arm-none-eabi/5.4.1/../../../../arm-none-eabi/lib/armv7e-m/fpu/crt0.o
 .ARM.attributes
                0x00000076       0x39 obj\debug\delay\fm_stm32f4_delay.o
 .ARM.attributes
                0x000000af       0x39 obj\debug\led\fm_stm32f4_led.o
 .ARM.attributes
                0x000000e8       0x39 obj\debug\spl\src\misc.o
 .ARM.attributes
                0x00000121       0x39 obj\debug\spl\src\stm32f4xx_gpio.o
 .ARM.attributes
                0x0000015a       0x39 obj\debug\spl\src\stm32f4xx_rcc.o
 .ARM.attributes
                0x00000193       0x39 obj\debug\src\main.o
 .ARM.attributes
                0x000001cc       0x1f obj\debug\src\startup_stm32f4xx.o
 .ARM.attributes
                0x000001eb       0x39 obj\debug\src\system_stm32f4xx.o
 .ARM.attributes
                0x00000224       0x34 c:/program files (x86)/embitz/1.11/share/em_armgcc/bin/../lib/gcc/arm-none-eabi/5.4.1/../../../../arm-none-eabi/lib/armv7e-m/fpu\libg_n.a(lib_a-exit.o)
 .ARM.attributes
                0x00000258       0x34 c:/program files (x86)/embitz/1.11/share/em_armgcc/bin/../lib/gcc/arm-none-eabi/5.4.1/../../../../arm-none-eabi/lib/armv7e-m/fpu\libg_n.a(lib_a-impure.o)
 .ARM.attributes
                0x0000028c       0x34 c:/program files (x86)/embitz/1.11/share/em_armgcc/bin/../lib/gcc/arm-none-eabi/5.4.1/../../../../arm-none-eabi/lib/armv7e-m/fpu\libg_n.a(lib_a-init.o)
 .ARM.attributes
                0x000002c0       0x34 c:/program files (x86)/embitz/1.11/share/em_armgcc/bin/../lib/gcc/arm-none-eabi/5.4.1/../../../../arm-none-eabi/lib/armv7e-m/fpu\libg_n.a(lib_a-memset.o)
 .ARM.attributes
                0x000002f4       0x34 c:/program files (x86)/embitz/1.11/share/em_armgcc/bin/../lib/gcc/arm-none-eabi/5.4.1/../../../../arm-none-eabi/lib/armv7e-m/fpu\libnosys_s.a(_exit.o)
 .ARM.attributes
                0x00000328       0x34 c:/program files (x86)/embitz/1.11/share/em_armgcc/bin/../lib/gcc/arm-none-eabi/5.4.1/armv7e-m/fpu/crtend.o
 .ARM.attributes
                0x0000035c       0x22 c:/program files (x86)/embitz/1.11/share/em_armgcc/bin/../lib/gcc/arm-none-eabi/5.4.1/armv7e-m/fpu/crtn.o

.comment        0x00000000       0x6e
 .comment       0x00000000       0x6e obj\debug\delay\fm_stm32f4_delay.o
                                 0x6f (size before relaxing)
 .comment       0x0000006e       0x6f obj\debug\led\fm_stm32f4_led.o
 .comment       0x0000006e       0x6f obj\debug\spl\src\misc.o
 .comment       0x0000006e       0x6f obj\debug\spl\src\stm32f4xx_gpio.o
 .comment       0x0000006e       0x6f obj\debug\spl\src\stm32f4xx_rcc.o
 .comment       0x0000006e       0x6f obj\debug\src\main.o
 .comment       0x0000006e       0x6f obj\debug\src\system_stm32f4xx.o

.debug_info     0x00000000     0x2511
 .debug_info    0x00000000      0x1f9 obj\debug\delay\fm_stm32f4_delay.o
 .debug_info    0x000001f9      0x40c obj\debug\led\fm_stm32f4_led.o
 .debug_info    0x00000605      0x55e obj\debug\spl\src\misc.o
 .debug_info    0x00000b63      0x622 obj\debug\spl\src\stm32f4xx_gpio.o
 .debug_info    0x00001185      0xc6b obj\debug\spl\src\stm32f4xx_rcc.o
 .debug_info    0x00001df0       0xea obj\debug\src\main.o
 .debug_info    0x00001eda       0x6a obj\debug\src\startup_stm32f4xx.o
 .debug_info    0x00001f44      0x5cd obj\debug\src\system_stm32f4xx.o

.debug_abbrev   0x00000000      0x91e
 .debug_abbrev  0x00000000       0xfd obj\debug\delay\fm_stm32f4_delay.o
 .debug_abbrev  0x000000fd      0x152 obj\debug\led\fm_stm32f4_led.o
 .debug_abbrev  0x0000024f      0x14c obj\debug\spl\src\misc.o
 .debug_abbrev  0x0000039b      0x1ac obj\debug\spl\src\stm32f4xx_gpio.o
 .debug_abbrev  0x00000547      0x1ea obj\debug\spl\src\stm32f4xx_rcc.o
 .debug_abbrev  0x00000731       0x9c obj\debug\src\main.o
 .debug_abbrev  0x000007cd       0x14 obj\debug\src\startup_stm32f4xx.o
 .debug_abbrev  0x000007e1      0x13d obj\debug\src\system_stm32f4xx.o

.debug_aranges  0x00000000      0x318
 .debug_aranges
                0x00000000       0x30 obj\debug\delay\fm_stm32f4_delay.o
 .debug_aranges
                0x00000030       0x38 obj\debug\led\fm_stm32f4_led.o
 .debug_aranges
                0x00000068       0x40 obj\debug\spl\src\misc.o
 .debug_aranges
                0x000000a8       0x88 obj\debug\spl\src\stm32f4xx_gpio.o
 .debug_aranges
                0x00000130      0x178 obj\debug\spl\src\stm32f4xx_rcc.o
 .debug_aranges
                0x000002a8       0x20 obj\debug\src\main.o
 .debug_aranges
                0x000002c8       0x20 obj\debug\src\startup_stm32f4xx.o
 .debug_aranges
                0x000002e8       0x30 obj\debug\src\system_stm32f4xx.o

.debug_ranges   0x00000000      0x288
 .debug_ranges  0x00000000       0x20 obj\debug\delay\fm_stm32f4_delay.o
 .debug_ranges  0x00000020       0x28 obj\debug\led\fm_stm32f4_led.o
 .debug_ranges  0x00000048       0x30 obj\debug\spl\src\misc.o
 .debug_ranges  0x00000078       0x78 obj\debug\spl\src\stm32f4xx_gpio.o
 .debug_ranges  0x000000f0      0x168 obj\debug\spl\src\stm32f4xx_rcc.o
 .debug_ranges  0x00000258       0x10 obj\debug\src\main.o
 .debug_ranges  0x00000268       0x20 obj\debug\src\system_stm32f4xx.o

.debug_macro    0x00000000     0xe794
 .debug_macro   0x00000000      0x1c0 obj\debug\delay\fm_stm32f4_delay.o
 .debug_macro   0x000001c0      0x8aa obj\debug\delay\fm_stm32f4_delay.o
 .debug_macro   0x00000a6a       0x5d obj\debug\delay\fm_stm32f4_delay.o
 .debug_macro   0x00000ac7       0x35 obj\debug\delay\fm_stm32f4_delay.o
 .debug_macro   0x00000afc       0x22 obj\debug\delay\fm_stm32f4_delay.o
 .debug_macro   0x00000b1e       0x87 obj\debug\delay\fm_stm32f4_delay.o
 .debug_macro   0x00000ba5       0x44 obj\debug\delay\fm_stm32f4_delay.o
 .debug_macro   0x00000be9       0xfd obj\debug\delay\fm_stm32f4_delay.o
 .debug_macro   0x00000ce6       0x5e obj\debug\delay\fm_stm32f4_delay.o
 .debug_macro   0x00000d44      0x1df obj\debug\delay\fm_stm32f4_delay.o
 .debug_macro   0x00000f23       0x18 obj\debug\delay\fm_stm32f4_delay.o
 .debug_macro   0x00000f3b       0x42 obj\debug\delay\fm_stm32f4_delay.o
 .debug_macro   0x00000f7d      0x8cb obj\debug\delay\fm_stm32f4_delay.o
 .debug_macro   0x00001848     0x81c3 obj\debug\delay\fm_stm32f4_delay.o
 .debug_macro   0x00009a0b      0x44e obj\debug\delay\fm_stm32f4_delay.o
 .debug_macro   0x00009e59      0x3cf obj\debug\delay\fm_stm32f4_delay.o
 .debug_macro   0x0000a228      0x111 obj\debug\delay\fm_stm32f4_delay.o
 .debug_macro   0x0000a339      0x182 obj\debug\delay\fm_stm32f4_delay.o
 .debug_macro   0x0000a4bb       0xb2 obj\debug\delay\fm_stm32f4_delay.o
 .debug_macro   0x0000a56d      0x146 obj\debug\delay\fm_stm32f4_delay.o
 .debug_macro   0x0000a6b3      0x477 obj\debug\delay\fm_stm32f4_delay.o
 .debug_macro   0x0000ab2a       0xac obj\debug\delay\fm_stm32f4_delay.o
 .debug_macro   0x0000abd6      0x241 obj\debug\delay\fm_stm32f4_delay.o
 .debug_macro   0x0000ae17      0x279 obj\debug\delay\fm_stm32f4_delay.o
 .debug_macro   0x0000b090       0xb5 obj\debug\delay\fm_stm32f4_delay.o
 .debug_macro   0x0000b145      0x265 obj\debug\delay\fm_stm32f4_delay.o
 .debug_macro   0x0000b3aa      0x2b1 obj\debug\delay\fm_stm32f4_delay.o
 .debug_macro   0x0000b65b       0x64 obj\debug\delay\fm_stm32f4_delay.o
 .debug_macro   0x0000b6bf       0xa6 obj\debug\delay\fm_stm32f4_delay.o
 .debug_macro   0x0000b765      0x538 obj\debug\delay\fm_stm32f4_delay.o
 .debug_macro   0x0000bc9d       0x40 obj\debug\delay\fm_stm32f4_delay.o
 .debug_macro   0x0000bcdd      0x57a obj\debug\delay\fm_stm32f4_delay.o
 .debug_macro   0x0000c257      0x341 obj\debug\delay\fm_stm32f4_delay.o
 .debug_macro   0x0000c598      0x36a obj\debug\delay\fm_stm32f4_delay.o
 .debug_macro   0x0000c902       0xdf obj\debug\delay\fm_stm32f4_delay.o
 .debug_macro   0x0000c9e1      0x73b obj\debug\delay\fm_stm32f4_delay.o
 .debug_macro   0x0000d11c      0x220 obj\debug\delay\fm_stm32f4_delay.o
 .debug_macro   0x0000d33c       0x34 obj\debug\delay\fm_stm32f4_delay.o
 .debug_macro   0x0000d370       0x7f obj\debug\delay\fm_stm32f4_delay.o
 .debug_macro   0x0000d3ef       0x35 obj\debug\delay\fm_stm32f4_delay.o
 .debug_macro   0x0000d424      0x1c6 obj\debug\led\fm_stm32f4_led.o
 .debug_macro   0x0000d5ea      0x1c6 obj\debug\spl\src\misc.o
 .debug_macro   0x0000d7b0       0x79 obj\debug\spl\src\misc.o
 .debug_macro   0x0000d829      0x1c0 obj\debug\spl\src\stm32f4xx_gpio.o
 .debug_macro   0x0000d9e9      0x25f obj\debug\spl\src\stm32f4xx_gpio.o
 .debug_macro   0x0000dc48      0x268 obj\debug\spl\src\stm32f4xx_rcc.o
 .debug_macro   0x0000deb0      0x532 obj\debug\spl\src\stm32f4xx_rcc.o
 .debug_macro   0x0000e3e2      0x1c9 obj\debug\src\main.o
 .debug_macro   0x0000e5ab       0x10 obj\debug\src\main.o
 .debug_macro   0x0000e5bb      0x1d9 obj\debug\src\system_stm32f4xx.o

.debug_line     0x00000000     0x2750
 .debug_line    0x00000000      0x4e2 obj\debug\delay\fm_stm32f4_delay.o
 .debug_line    0x000004e2      0x4f8 obj\debug\led\fm_stm32f4_led.o
 .debug_line    0x000009da      0x4d4 obj\debug\spl\src\misc.o
 .debug_line    0x00000eae      0x5ec obj\debug\spl\src\stm32f4xx_gpio.o
 .debug_line    0x0000149a      0x832 obj\debug\spl\src\stm32f4xx_rcc.o
 .debug_line    0x00001ccc      0x4c7 obj\debug\src\main.o
 .debug_line    0x00002193       0xcc obj\debug\src\startup_stm32f4xx.o
 .debug_line    0x0000225f      0x4f1 obj\debug\src\system_stm32f4xx.o

.debug_str      0x00000000    0x577f0
 .debug_str     0x00000000    0x565ef obj\debug\delay\fm_stm32f4_delay.o
                              0x56795 (size before relaxing)
 .debug_str     0x000565ef      0x27d obj\debug\led\fm_stm32f4_led.o
                              0x5696e (size before relaxing)
 .debug_str     0x0005686c      0x24d obj\debug\spl\src\misc.o
                              0x5695b (size before relaxing)
 .debug_str     0x00056ab9      0x177 obj\debug\spl\src\stm32f4xx_gpio.o
                              0x56a06 (size before relaxing)
 .debug_str     0x00056c30      0xaf3 obj\debug\spl\src\stm32f4xx_rcc.o
                              0x57287 (size before relaxing)
 .debug_str     0x00057723       0x10 obj\debug\src\main.o
                              0x56733 (size before relaxing)
 .debug_str     0x00057733       0xbd obj\debug\src\system_stm32f4xx.o
                              0x56947 (size before relaxing)

.debug_frame    0x00000000      0xc4c
 .debug_frame   0x00000000       0x7c obj\debug\delay\fm_stm32f4_delay.o
 .debug_frame   0x0000007c       0xac obj\debug\led\fm_stm32f4_led.o
 .debug_frame   0x00000128       0xd8 obj\debug\spl\src\misc.o
 .debug_frame   0x00000200      0x23c obj\debug\spl\src\stm32f4xx_gpio.o
 .debug_frame   0x0000043c      0x6d4 obj\debug\spl\src\stm32f4xx_rcc.o
 .debug_frame   0x00000b10       0x2c obj\debug\src\main.o
 .debug_frame   0x00000b3c       0x7c obj\debug\src\system_stm32f4xx.o
 .debug_frame   0x00000bb8       0x28 c:/program files (x86)/embitz/1.11/share/em_armgcc/bin/../lib/gcc/arm-none-eabi/5.4.1/../../../../arm-none-eabi/lib/armv7e-m/fpu\libg_n.a(lib_a-exit.o)
 .debug_frame   0x00000be0       0x2c c:/program files (x86)/embitz/1.11/share/em_armgcc/bin/../lib/gcc/arm-none-eabi/5.4.1/../../../../arm-none-eabi/lib/armv7e-m/fpu\libg_n.a(lib_a-init.o)
 .debug_frame   0x00000c0c       0x20 c:/program files (x86)/embitz/1.11/share/em_armgcc/bin/../lib/gcc/arm-none-eabi/5.4.1/../../../../arm-none-eabi/lib/armv7e-m/fpu\libg_n.a(lib_a-memset.o)
 .debug_frame   0x00000c2c       0x20 c:/program files (x86)/embitz/1.11/share/em_armgcc/bin/../lib/gcc/arm-none-eabi/5.4.1/../../../../arm-none-eabi/lib/armv7e-m/fpu\libnosys_s.a(_exit.o)
